acl.tcz
adwaita-icon-theme.tcz
alsa-modules-6.6.8-tinycore64.tcz
alsa.tcz
aterm.tcz
at-spi2-core.tcz
attr.tcz
bzip2-lib.tcz
ca-certificates.tcz
cairo.tcz
curl.tcz
dbus-glib.tcz
dbus.tcz
elogind.tcz
expat2.tcz
firmware-iwlwifi.tcz
fltk-1.3.tcz
flwm.tcz
fontconfig.tcz
freetype.tcz
fribidi.tcz
gdbm.tcz
gdk-pixbuf2.tcz
gdk-pixbuf2-xlib.tcz
glib2.tcz
graphite.tcz
gtk3.tcz
gtk-update-icon-cache.tcz
gudev-lib.tcz
harfbuzz.tcz
hicolor-icon-theme.tcz
imlib2-bin.tcz
imlib2.tcz
libasound.tcz
libcap.tcz
libdrm.tcz
libEGL.tcz
libepoxy.tcz
libevdev.tcz
libevent.tcz
libffi.tcz
libfontenc.tcz
libFS.tcz
libGLESv2.tcz
libGL.tcz
libICE.tcz
libinput.tcz
libiw.tcz
libjpeg-turbo.tcz
liblzma.tcz
libnl.tcz
libpciaccess.tcz
libpng.tcz
librsvg.tcz
libSM.tcz
libtiff.tcz
libvpx113.tcz
libwacom.tcz
libwebp1.tcz
libX11.tcz
libXau.tcz
libXaw.tcz
libxcb.tcz
libXcomposite.tcz
libXcursor.tcz
libxcvt.tcz
libXdamage.tcz
libXdmcp.tcz
libXext.tcz
libXfixes.tcz
libXfont2.tcz
libXft.tcz
libXinerama.tcz
libXi.tcz
libxkbcommon.tcz
libxkbfile.tcz
libxml2.tcz
libXmu.tcz
libXpm.tcz
libXrandr.tcz
libXrender.tcz
libXres.tcz
libxshmfence.tcz
libXss.tcz
libXtst.tcz
libXt.tcz
libXvmc.tcz
libXv.tcz
libXxf86dga.tcz
libXxf86vm.tcz
libzstd.tcz
linux-pam.tcz
mtdev.tcz
ncursesw.tcz
nspr.tcz
nss.tcz
openssl.tcz
pango.tcz
pcre21042.tcz
pixman.tcz
python3.9.tcz
readline.tcz
shared-mime-info.tcz
sqlite3.tcz
tcl8.6.tcz
tk8.6.tcz
tzdata.tcz
udev-lib.tcz
util-linux.tcz
wayland-protocols.tcz
wayland.tcz
wifi.tcz
wireless-6.6.8-tinycore64.tcz
wireless_tools.tcz
wpa_supplicant-dbus.tcz
xcursor-themes.tcz
xf86-input-libinput.tcz
xf86-video-fbdev.tcz
xf86-video-vesa.tcz
xkeyboard-config.tcz
Xlibs.tcz
Xorg-7.7-bin.tcz
Xorg-7.7-lib.tcz
Xorg-7.7.tcz
Xorg-fonts.tcz
xorg-server.tcz
Xprogs.tcz
